// Jest Snapshot v1, https://goo.gl/fbAQLP

exports[`<Main /> should render main with title, description and image 1`] = `
.c0 {
  display: -webkit-box;
  display: -webkit-flex;
  display: -ms-flexbox;
  display: flex;
  -webkit-flex-direction: column;
  -ms-flex-direction: column;
  flex-direction: column;
  text-align: center;
  -webkit-align-items: center;
  -webkit-box-align: center;
  -ms-flex-align: center;
  align-items: center;
  -webkit-box-pack: center;
  -webkit-justify-content: center;
  -ms-flex-pack: center;
  justify-content: center;
  padding: 3.2rem;
  color: #FAFAFA;
}

.c1 {
  width: 15rem;
  margin-bottom: 0.8rem;
}

.c2 {
  font-size: 4.5rem;
  font-weight: 600;
}

.c3 {
  font-size: 2.0rem;
  font-weight: 400;
}

<main
  class="c0"
>
  <img
    alt="Imagem de um cÃ­rculo com uma letra M"
    class="c1"
    src="/img/morpa.svg"
  />
  <h1
    class="c2"
  >
    Heading 1
  </h1>
  <h3
    class="c3"
  >
    Heading 2
  </h3>
</main>
`;
